[demo.webtend.net/html/lezar/index.html]
[backblue.gif]
[fade.gif]
[index.html]
[demo.webtend.net/html/lezar/assets/images/favicon.png]
[demo.webtend.net/html/lezar/assets/css/flaticon.min.css]
[demo.webtend.net/html/lezar/assets/css/font-awesome-5.9.0.min.css]
[demo.webtend.net/html/lezar/assets/css/bootstrap-4.5.3.min.css]
[demo.webtend.net/html/lezar/assets/css/magnific-popup.min.css]
[demo.webtend.net/html/lezar/assets/css/nice-select.min.css]
[demo.webtend.net/html/lezar/assets/css/animate.min.css]
[demo.webtend.net/html/lezar/assets/css/slick.min.css]
[demo.webtend.net/html/lezar/assets/css/style.css]
[demo.webtend.net/html/lezar/assets/images/logos/logo.png]
[demo.webtend.net/html/lezar/index2.html]
[demo.webtend.net/html/lezar/about.html]
[demo.webtend.net/html/lezar/index3.html]
[demo.webtend.net/html/lezar/services.html]
[demo.webtend.net/html/lezar/service-details.html]
[demo.webtend.net/html/lezar/booking.html]
[demo.webtend.net/html/lezar/faqs.html]
[demo.webtend.net/html/lezar/team.html]
[demo.webtend.net/html/lezar/testimonials.html]
[demo.webtend.net/html/lezar/404.html]
[demo.webtend.net/html/lezar/coming-soon.html]
[demo.webtend.net/html/lezar/portfolio.html]
[demo.webtend.net/html/lezar/portfolio-masonry.html]
[demo.webtend.net/html/lezar/portfolio-details.html]
[demo.webtend.net/html/lezar/blog.html]
[demo.webtend.net/html/lezar/blog-grid.html]
[demo.webtend.net/html/lezar/blog-details.html]
[demo.webtend.net/html/lezar/product-details.html]
[demo.webtend.net/html/lezar/cart.html]
[demo.webtend.net/html/lezar/checkout.html]
[demo.webtend.net/html/lezar/shop.html]
[demo.webtend.net/html/lezar/pricing.html]
[demo.webtend.net/html/lezar/contact.html]
[demo.webtend.net/html/lezar/assets/images/hero/hero-right.jpg]
[demo.webtend.net/html/lezar/assets/images/about/about-left.jpg]
[demo.webtend.net/html/lezar/assets/images/services/feature-left.jpg]
[demo.webtend.net/html/lezar/assets/images/services/feature-right.jpg]
[demo.webtend.net/html/lezar/assets/images/shapes/feature-leaf.png]
[demo.webtend.net/html/lezar/assets/images/projects/project-1.jpg]
[demo.webtend.net/html/lezar/assets/images/projects/project-3.jpg]
[demo.webtend.net/html/lezar/assets/images/projects/project-5.jpg]
[demo.webtend.net/html/lezar/assets/images/projects/project-4.jpg]
[demo.webtend.net/html/lezar/assets/images/projects/project-6.jpg]
[demo.webtend.net/html/lezar/assets/images/projects/project-2.jpg]
[demo.webtend.net/html/lezar/assets/images/testimonials/testimonial-left.jpg]
[demo.webtend.net/html/lezar/assets/images/testimonials/logo-1.png]
[demo.webtend.net/html/lezar/assets/images/testimonials/logo-2.png]
[demo.webtend.net/html/lezar/assets/images/testimonials/logo-3.png]
[demo.webtend.net/html/lezar/assets/images/shapes/feedback-leaf.png]
[demo.webtend.net/html/lezar/assets/images/products/product-1.jpg]
[demo.webtend.net/html/lezar/assets/images/products/product-2.jpg]
[demo.webtend.net/html/lezar/assets/images/products/product-3.jpg]
[demo.webtend.net/html/lezar/assets/images/products/product-4.jpg]
[demo.webtend.net/html/lezar/assets/images/booking/booking-left.jpg]
[demo.webtend.net/html/lezar/assets/images/booking/booking-right.jpg]
[demo.webtend.net/html/lezar/assets/images/news/news-1.jpg]
[demo.webtend.net/html/lezar/assets/images/news/news-2.jpg]
[demo.webtend.net/html/lezar/assets/images/news/news-3.jpg]
[demo.webtend.net/cdn-cgi/scripts/5c5dd728/cloudflare-static/email-decode.min.js]
[demo.webtend.net/html/lezar/assets/js/jquery-3.6.0.min.js]
[demo.webtend.net/html/lezar/assets/js/bootstrap.min.js]
[demo.webtend.net/html/lezar/assets/js/appear.min.js]
[demo.webtend.net/html/lezar/assets/js/slick.min.js]
[demo.webtend.net/html/lezar/assets/js/jquery.magnific-popup.min.js]
[demo.webtend.net/html/lezar/assets/js/jquery.nice-select.min.js]
[demo.webtend.net/html/lezar/assets/js/imagesloaded.pkgd.min.js]
[demo.webtend.net/html/lezar/assets/js/skill.bars.jquery.min.js]
[demo.webtend.net/html/lezar/assets/js/isotope.pkgd.min.js]
[demo.webtend.net/html/lezar/assets/js/wow.min.js]
[demo.webtend.net/html/lezar/assets/js/script.js]
[demo.webtend.net/html/lezar/index.html]
[demo.webtend.net/html/lezar/assets/fonts/flaticona1d5.ttf]
[demo.webtend.net/html/lezar/assets/fonts/flaticona1d5.woff]
[demo.webtend.net/html/lezar/assets/fonts/flaticona1d5.woff2]
[demo.webtend.net/html/lezar/assets/fonts/flaticona1d5.eot]
[demo.webtend.net/html/lezar/assets/css/flaticon.min.css]
[demo.webtend.net/html/lezar/assets/fonts/fa-brands-400.eot]
[demo.webtend.net/html/lezar/assets/fonts/flaticona1d5.svg]
[demo.webtend.net/html/lezar/assets/fonts/fa-brands-400.woff2]
[demo.webtend.net/html/lezar/assets/fonts/fa-brands-400d41d.eot]
[demo.webtend.net/html/lezar/assets/fonts/fa-brands-400.woff]
[demo.webtend.net/html/lezar/assets/fonts/fa-brands-400.ttf]
[demo.webtend.net/html/lezar/assets/fonts/fa-brands-400.svg]
[demo.webtend.net/html/lezar/assets/fonts/fa-regular-400.eot]
[demo.webtend.net/html/lezar/assets/fonts/fa-regular-400d41d.eot]
[demo.webtend.net/html/lezar/assets/fonts/fa-regular-400.woff2]
[demo.webtend.net/html/lezar/assets/fonts/fa-regular-400.woff]
[demo.webtend.net/html/lezar/assets/fonts/fa-regular-400.ttf]
[demo.webtend.net/html/lezar/assets/fonts/fa-regular-400.svg]
[demo.webtend.net/html/lezar/assets/fonts/fa-solid-900.eot]
[demo.webtend.net/html/lezar/assets/fonts/fa-solid-900.woff2]
[demo.webtend.net/html/lezar/assets/fonts/fa-solid-900d41d.eot]
[demo.webtend.net/html/lezar/assets/fonts/fa-solid-900.woff]
[demo.webtend.net/html/lezar/assets/fonts/fa-solid-900.ttf]
[demo.webtend.net/html/lezar/assets/css/font-awesome-5.9.0.min.css]
[demo.webtend.net/html/lezar/assets/css/bootstrap-4.5.3.min.css]
[demo.webtend.net/html/lezar/assets/css/magnific-popup.min.css]
[demo.webtend.net/html/lezar/assets/css/nice-select.min.css]
[demo.webtend.net/html/lezar/assets/css/animate.min.css]
[demo.webtend.net/html/lezar/assets/css/slick.min.css]
[demo.webtend.net/html/lezar/assets/images/preloader.gif]
[demo.webtend.net/html/lezar/assets/fonts/fa-solid-900.svg]
[demo.webtend.net/html/lezar/assets/images/widgets/product-add.jpg]
[demo.webtend.net/html/lezar/assets/css/style.css]
[demo.webtend.net/html/lezar/assets/images/logos/white-logo.png]
[demo.webtend.net/html/lezar/assets/images/hero/hero-circle.png]
[demo.webtend.net/html/lezar/assets/images/hero/hero-two-right.png]
[demo.webtend.net/html/lezar/assets/images/shapes/hero-green-leaf.png]
[demo.webtend.net/html/lezar/assets/images/shapes/hero-three-shapes.png]
[demo.webtend.net/html/lezar/assets/images/about/about-two-left.jpg]
[demo.webtend.net/html/lezar/assets/images/shapes/about-circle.png]
[demo.webtend.net/html/lezar/assets/images/shapes/about-right-leaf.png]
[demo.webtend.net/html/lezar/assets/images/projects/gallery-1.jpg]
[demo.webtend.net/html/lezar/assets/images/projects/gallery-2.jpg]
[demo.webtend.net/html/lezar/assets/images/projects/gallery-3.jpg]
[demo.webtend.net/html/lezar/assets/images/projects/gallery-4.jpg]
[demo.webtend.net/html/lezar/assets/images/projects/gallery-5.jpg]
[demo.webtend.net/html/lezar/assets/images/projects/gallery-6.jpg]
[demo.webtend.net/html/lezar/assets/images/shapes/price-left.png]
[demo.webtend.net/html/lezar/assets/images/shapes/price-bg.png]
[demo.webtend.net/html/lezar/assets/images/shapes/service-circle.png]
[demo.webtend.net/html/lezar/assets/images/testimonials/author-1.jpg]
[demo.webtend.net/html/lezar/assets/images/testimonials/author-2.jpg]
[demo.webtend.net/html/lezar/assets/images/testimonials/author-3.jpg]
[demo.webtend.net/html/lezar/assets/images/video/video-bg.jpg]
[demo.webtend.net/html/lezar/assets/images/booking/booking-bg.png]
[demo.webtend.net/html/lezar/index2.html]
[demo.webtend.net/html/lezar/assets/images/slider/slider1.jpg]
[demo.webtend.net/html/lezar/assets/images/about/about-offer1.jpg]
[demo.webtend.net/html/lezar/assets/images/about/about-offer2.jpg]
[demo.webtend.net/html/lezar/assets/images/about/about-offer3.jpg]
[demo.webtend.net/html/lezar/assets/images/booking/booking-three.jpg]
[demo.webtend.net/html/lezar/assets/images/services/service-two1.jpg]
[demo.webtend.net/html/lezar/assets/images/services/service-two2.jpg]
[demo.webtend.net/html/lezar/assets/images/services/service-two3.jpg]
[demo.webtend.net/html/lezar/assets/images/services/service-two4.jpg]
[demo.webtend.net/html/lezar/assets/images/projects/project-two1.jpg]
[demo.webtend.net/html/lezar/assets/images/projects/project-two2.jpg]
[demo.webtend.net/html/lezar/assets/images/projects/project-two3.jpg]
[demo.webtend.net/html/lezar/assets/images/projects/project-two4.jpg]
[demo.webtend.net/html/lezar/assets/images/testimonials/testimonial-right.jpg]
[demo.webtend.net/html/lezar/assets/images/news/blog-two1.jpg]
[demo.webtend.net/html/lezar/assets/images/news/blog-two2.jpg]
[demo.webtend.net/html/lezar/assets/images/news/blog-two3.jpg]
[demo.webtend.net/html/lezar/index3.html]
[demo.webtend.net/html/lezar/assets/images/logos/color-logo.png]
[demo.webtend.net/html/lezar/assets/images/banners/page-banner.jpg]
[demo.webtend.net/html/lezar/assets/images/about/about-page-left.jpg]
[demo.webtend.net/html/lezar/assets/images/about/about-page-right.jpg]
[demo.webtend.net/html/lezar/assets/images/client-logos/client-logo1.png]
[demo.webtend.net/html/lezar/assets/images/client-logos/client-logo2.png]
[demo.webtend.net/html/lezar/assets/images/client-logos/client-logo3.png]
[demo.webtend.net/html/lezar/assets/images/client-logos/client-logo4.png]
[demo.webtend.net/html/lezar/assets/images/client-logos/client-logo5.png]
[demo.webtend.net/html/lezar/assets/images/client-logos/client-logo6.png]
[demo.webtend.net/html/lezar/assets/images/testimonials/about-page-feedback.jpg]
[demo.webtend.net/html/lezar/assets/images/shapes/about-page-leaf.png]
[demo.webtend.net/html/lezar/assets/images/instagram/instagram-1.jpg]
[demo.webtend.net/html/lezar/assets/images/instagram/instagram-2.jpg]
[demo.webtend.net/html/lezar/assets/images/instagram/instagram-3.jpg]
[demo.webtend.net/html/lezar/assets/images/instagram/instagram-4.jpg]
[demo.webtend.net/html/lezar/assets/images/instagram/instagram-5.jpg]
[demo.webtend.net/html/lezar/about.html]
[demo.webtend.net/html/lezar/assets/images/banners/page-banner-five.jpg]
[demo.webtend.net/html/lezar/assets/images/shapes/service-bg.png]
[demo.webtend.net/html/lezar/assets/images/services/service-1.jpg]
[demo.webtend.net/html/lezar/assets/images/services/service-2.jpg]
[demo.webtend.net/html/lezar/assets/images/services/service-3.jpg]
[demo.webtend.net/html/lezar/assets/images/services/service-4.jpg]
[demo.webtend.net/html/lezar/assets/images/services/service-5.jpg]
[demo.webtend.net/html/lezar/assets/images/services/service-6.jpg]
[demo.webtend.net/html/lezar/assets/images/services/popular-service.jpg]
[demo.webtend.net/html/lezar/assets/images/shapes/service-white-leaf.png]
[demo.webtend.net/html/lezar/assets/images/shapes/service-color-leaf.png]
[demo.webtend.net/html/lezar/assets/images/video/service-page-video.jpg]
[demo.webtend.net/html/lezar/services.html]
[demo.webtend.net/html/lezar/assets/images/services/service-details.jpg]
[demo.webtend.net/html/lezar/assets/images/services/middle-left.jpg]
[demo.webtend.net/html/lezar/assets/images/services/middle-right.jpg]
[demo.webtend.net/html/lezar/assets/images/services/prev.jpg]
[demo.webtend.net/html/lezar/assets/images/services/next.jpg]
[demo.webtend.net/html/lezar/service-details.html]
[demo.webtend.net/html/lezar/assets/images/banners/page-banner-three.jpg]
[demo.webtend.net/html/lezar/assets/images/booking/booking-page.jpg]
[demo.webtend.net/html/lezar/assets/images/shapes/booking-circle.png]
[demo.webtend.net/html/lezar/booking.html]
[demo.webtend.net/html/lezar/assets/images/banners/faq-banner.jpg]
[demo.webtend.net/html/lezar/assets/images/contacts/faq-page.jpg]
[demo.webtend.net/html/lezar/faqs.html]
[demo.webtend.net/html/lezar/assets/images/teams/team-left.jpg]
[demo.webtend.net/html/lezar/assets/images/teams/team-member-1.jpg]
[demo.webtend.net/html/lezar/assets/images/teams/team-member-2.jpg]
[demo.webtend.net/html/lezar/assets/images/teams/team-member-3.jpg]
[demo.webtend.net/html/lezar/assets/images/teams/team-member-4.jpg]
[demo.webtend.net/html/lezar/assets/images/teams/team-member-5.jpg]
[demo.webtend.net/html/lezar/assets/images/teams/team-member-6.jpg]
[demo.webtend.net/html/lezar/assets/images/contacts/team-page.jpg]
[demo.webtend.net/html/lezar/assets/images/shapes/team-conteact.png]
[demo.webtend.net/html/lezar/team.html]
[demo.webtend.net/html/lezar/assets/images/testimonials/client1.png]
[demo.webtend.net/html/lezar/assets/images/testimonials/client2.png]
[demo.webtend.net/html/lezar/assets/images/testimonials/client3.png]
[demo.webtend.net/html/lezar/assets/images/testimonials/client4.png]
[demo.webtend.net/html/lezar/assets/images/testimonials/client5.png]
[demo.webtend.net/html/lezar/assets/images/testimonials/client6.png]
[demo.webtend.net/html/lezar/testimonials.html]
[demo.webtend.net/html/lezar/assets/images/background/coming-soon.png]
[demo.webtend.net/html/lezar/assets/images/shapes/coming-circle.png]
[demo.webtend.net/html/lezar/coming-soon.html]
[demo.webtend.net/html/lezar/assets/images/background/404-error.png]
[demo.webtend.net/html/lezar/404.html]
[demo.webtend.net/html/lezar/assets/images/projects/portfolio1.jpg]
[demo.webtend.net/html/lezar/assets/images/projects/portfolio2.jpg]
[demo.webtend.net/html/lezar/assets/images/projects/portfolio3.jpg]
[demo.webtend.net/html/lezar/assets/images/projects/portfolio4.jpg]
[demo.webtend.net/html/lezar/assets/images/projects/portfolio5.jpg]
[demo.webtend.net/html/lezar/assets/images/projects/portfolio6.jpg]
[demo.webtend.net/html/lezar/assets/images/projects/portfolio7.jpg]
[demo.webtend.net/html/lezar/assets/images/projects/portfolio8.jpg]
[demo.webtend.net/html/lezar/assets/images/projects/portfolio9.jpg]
[demo.webtend.net/html/lezar/assets/images/projects/portfolio10.jpg]
[demo.webtend.net/html/lezar/assets/images/projects/portfolio11.jpg]
[demo.webtend.net/html/lezar/assets/images/projects/portfolio12.jpg]
[demo.webtend.net/html/lezar/portfolio.html]
[demo.webtend.net/html/lezar/assets/images/projects/masonry2.jpg]
[demo.webtend.net/html/lezar/assets/images/projects/masonry3.jpg]
[demo.webtend.net/html/lezar/assets/images/projects/masonry1.jpg]
[demo.webtend.net/html/lezar/assets/images/projects/masonry9.jpg]
[demo.webtend.net/html/lezar/assets/images/projects/masonry7.jpg]
[demo.webtend.net/html/lezar/assets/images/projects/masonry8.jpg]
[demo.webtend.net/html/lezar/assets/images/projects/masonry4.jpg]
[demo.webtend.net/html/lezar/assets/images/projects/masonry6.jpg]
[demo.webtend.net/html/lezar/assets/images/projects/masonry5.jpg]
[demo.webtend.net/html/lezar/portfolio-masonry.html]
[demo.webtend.net/html/lezar/assets/images/projects/portfolio-details.jpg]
[demo.webtend.net/html/lezar/assets/images/projects/middle1.jpg]
[demo.webtend.net/html/lezar/assets/images/projects/middle2.jpg]
[demo.webtend.net/html/lezar/assets/images/projects/middle3.jpg]
[demo.webtend.net/html/lezar/assets/images/projects/related-project1.jpg]
[demo.webtend.net/html/lezar/assets/images/projects/related-project2.jpg]
[demo.webtend.net/html/lezar/assets/images/projects/related-project3.jpg]
[demo.webtend.net/html/lezar/portfolio-details.html]
[demo.webtend.net/html/lezar/assets/images/banners/page-banner-four.jpg]
[demo.webtend.net/html/lezar/assets/images/news/blog-list1.jpg]
[demo.webtend.net/html/lezar/assets/images/news/blog-list2.jpg]
[demo.webtend.net/html/lezar/assets/images/news/blog-list3.jpg]
[demo.webtend.net/html/lezar/assets/images/news/blog-list4.jpg]
[demo.webtend.net/html/lezar/assets/images/widgets/about-author.jpg]
[demo.webtend.net/html/lezar/assets/images/widgets/blog1.jpg]
[demo.webtend.net/html/lezar/assets/images/widgets/blog2.jpg]
[demo.webtend.net/html/lezar/assets/images/widgets/blog3.jpg]
[demo.webtend.net/html/lezar/assets/images/widgets/gallery1.jpg]
[demo.webtend.net/html/lezar/assets/images/widgets/gallery2.jpg]
[demo.webtend.net/html/lezar/assets/images/widgets/gallery3.jpg]
[demo.webtend.net/html/lezar/assets/images/widgets/gallery4.jpg]
[demo.webtend.net/html/lezar/assets/images/widgets/gallery5.jpg]
[demo.webtend.net/html/lezar/assets/images/widgets/gallery6.jpg]
[demo.webtend.net/html/lezar/blog.html]
[demo.webtend.net/html/lezar/assets/images/news/blog-1.jpg]
[demo.webtend.net/html/lezar/assets/images/news/blog-2.jpg]
[demo.webtend.net/html/lezar/assets/images/news/blog-3.jpg]
[demo.webtend.net/html/lezar/assets/images/news/blog-4.jpg]
[demo.webtend.net/html/lezar/assets/images/news/blog-5.jpg]
[demo.webtend.net/html/lezar/assets/images/news/blog-6.jpg]
[demo.webtend.net/html/lezar/assets/images/news/blog-7.jpg]
[demo.webtend.net/html/lezar/assets/images/news/blog-8.jpg]
[demo.webtend.net/html/lezar/assets/images/news/blog-9.jpg]
[demo.webtend.net/html/lezar/blog-grid.html]
[demo.webtend.net/html/lezar/assets/images/news/blog-details-middle.jpg]
[demo.webtend.net/html/lezar/assets/images/news/admin-comment.jpg]
[demo.webtend.net/html/lezar/assets/images/news/comment-author-1.jpg]
[demo.webtend.net/html/lezar/assets/images/news/comment-author-2.jpg]
[demo.webtend.net/html/lezar/blog-details.html]
[demo.webtend.net/html/lezar/assets/images/widgets/product1.png]
[demo.webtend.net/html/lezar/assets/images/widgets/product2.png]
[demo.webtend.net/html/lezar/assets/images/widgets/product3.png]
[demo.webtend.net/html/lezar/assets/images/widgets/product4.png]
[demo.webtend.net/html/lezar/assets/images/products/product1.jpg]
[demo.webtend.net/html/lezar/assets/images/products/product2.jpg]
[demo.webtend.net/html/lezar/assets/images/products/product3.jpg]
[demo.webtend.net/html/lezar/assets/images/products/product4.jpg]
[demo.webtend.net/html/lezar/assets/images/products/product5.jpg]
[demo.webtend.net/html/lezar/assets/images/products/product6.jpg]
[demo.webtend.net/html/lezar/assets/images/products/product7.jpg]
[demo.webtend.net/html/lezar/assets/images/products/product8.jpg]
[demo.webtend.net/html/lezar/assets/images/products/product9.jpg]
[demo.webtend.net/html/lezar/shop.html]
[demo.webtend.net/html/lezar/assets/images/products/product-preview-1.jpg]
[demo.webtend.net/html/lezar/assets/images/products/product-thumb-1.jpg]
[demo.webtend.net/html/lezar/assets/images/products/product-thumb-2.jpg]
[demo.webtend.net/html/lezar/assets/images/products/product-thumb-3.jpg]
[demo.webtend.net/html/lezar/product-details.html]
[demo.webtend.net/html/lezar/cart.html]
[demo.webtend.net/html/lezar/checkout.html]
[demo.webtend.net/html/lezar/assets/images/banners/page-banner-two.jpg]
[demo.webtend.net/html/lezar/assets/images/background/pricing-page.jpg]
[demo.webtend.net/html/lezar/assets/images/shapes/price-shape.png]
[demo.webtend.net/html/lezar/pricing.html]
[demo.webtend.net/html/lezar/contact.html]
[demo.webtend.net/html/lezar/assets/fonts/flaticona1d5.svg]
[demo.webtend.net/html/lezar/assets/fonts/fa-brands-400.svg]
[demo.webtend.net/html/lezar/assets/fonts/fa-regular-400.svg]
[demo.webtend.net/html/lezar/assets/fonts/fa-solid-900.svg]
